// Jest Snapshot v1, https://goo.gl/fbAQLP

exports[`renders correctly with a name 1`] = `
<DocumentFragment>
  <h1>
    Hello, John!
  </h1>
</DocumentFragment>
`;
